 ⨯ Error: Cannot find module './819.js'
Require stack:
- D:\MoodFlip\.next\server\webpack-runtime.js
- D:\MoodFlip\.next\server\pages\_document.js
- D:\MoodFlip\node_modules\next\dist\server\require.js
- D:\MoodFlip\node_modules\next\dist\server\next-server.js
- D:\MoodFlip\node_modules\next\dist\server\next.js
- D:\MoodFlip\node_modules\next\dist\server\lib\start-server.js
- D:\MoodFlip\node_modules\next\dist\cli\next-start.js
    at Module.<anonymous> (node:internal/modules/cjs/loader:1420:15)
    at D:\MoodFlip\node_modules\next\dist\server\require-hook.js:55:36
    at defaultResolveImpl (node:internal/modules/cjs/loader:1058:19)
    at resolveForCJSWithHooks (node:internal/modules/cjs/loader:1063:22)
    at Module._load (node:internal/modules/cjs/loader:1226:37)
    at TracingChannel.traceSync (node:diagnostics_channel:328:14)
    at wrapModuleLoad (node:internal/modules/cjs/loader:244:24)
    at Module.<anonymous> (node:internal/modules/cjs/loader:1503:12)
    at mod.require (D:\MoodFlip\node_modules\next\dist\server\require-hook.js:65:28)
    at require (node:internal/modules/helpers:152:16) {
  code: 'MODULE_NOT_FOUND',
  requireStack: [
    'D:\\MoodFlip\\.next\\server\\webpack-runtime.js',
    'D:\\MoodFlip\\.next\\server\\pages\\_document.js',
    'D:\\MoodFlip\\node_modules\\next\\dist\\server\\require.js',
    'D:\\MoodFlip\\node_modules\\next\\dist\\server\\next-server.js',
    'D:\\MoodFlip\\node_modules\\next\\dist\\server\\next.js',
    'D:\\MoodFlip\\node_modules\\next\\dist\\server\\lib\\start-server.js',
    'D:\\MoodFlip\\node_modules\\next\\dist\\cli\\next-start.js'
  ]
}
 ⨯ Error: Cannot find module './682.js'
Require stack:
- D:\MoodFlip\.next\server\webpack-runtime.js
- D:\MoodFlip\.next\server\pages\_document.js
- D:\MoodFlip\node_modules\next\dist\server\require.js
- D:\MoodFlip\node_modules\next\dist\server\next-server.js
- D:\MoodFlip\node_modules\next\dist\server\next.js
- D:\MoodFlip\node_modules\next\dist\server\lib\start-server.js
- D:\MoodFlip\node_modules\next\dist\cli\next-start.js
    at Module.<anonymous> (node:internal/modules/cjs/loader:1420:15)
    at D:\MoodFlip\node_modules\next\dist\server\require-hook.js:55:36
    at defaultResolveImpl (node:internal/modules/cjs/loader:1058:19)
    at resolveForCJSWithHooks (node:internal/modules/cjs/loader:1063:22)
    at Module._load (node:internal/modules/cjs/loader:1226:37)
    at TracingChannel.traceSync (node:diagnostics_channel:328:14)
    at wrapModuleLoad (node:internal/modules/cjs/loader:244:24)
    at Module.<anonymous> (node:internal/modules/cjs/loader:1503:12)
    at mod.require (D:\MoodFlip\node_modules\next\dist\server\require-hook.js:65:28)
    at require (node:internal/modules/helpers:152:16) {
  code: 'MODULE_NOT_FOUND',
  requireStack: [
    'D:\\MoodFlip\\.next\\server\\webpack-runtime.js',
    'D:\\MoodFlip\\.next\\server\\pages\\_document.js',
    'D:\\MoodFlip\\node_modules\\next\\dist\\server\\require.js',
    'D:\\MoodFlip\\node_modules\\next\\dist\\server\\next-server.js',
    'D:\\MoodFlip\\node_modules\\next\\dist\\server\\next.js',
    'D:\\MoodFlip\\node_modules\\next\\dist\\server\\lib\\start-server.js',
    'D:\\MoodFlip\\node_modules\\next\\dist\\cli\\next-start.js'
  ]
}
